// Jest Snapshot v1, https://goo.gl/fbAQLP

exports[`filter should throw when array is null or undefined 1`] = `"Array.prototype.filter called on null or undefined"`;

exports[`filter should throw when array is null or undefined 2`] = `"Array.prototype.filter called on null or undefined"`;

exports[`filter should throw when array is null or undefined 3`] = `"Array.prototype.filter called on null or undefined"`;
